2026-09-08 01:19:35,621Z INFO HTTP Request: GET https://huggingface.co/api/models/BurnyCoder/rl-locomotion-steering-vectors/revision/f3749ef3216671bb5e25baad5e389c94f319c422 "HTTP/1.1 200 OK"
2026-09-08 01:19:36,077Z INFO Copy check reports/ant-classic-005/phase-provenance-audit.json status=ok unchanged=True public_match=True error_type=None http_status=None
2026-09-08 01:19:36,168Z INFO Copy check reports/ant-classic-005/manifest.json status=ok unchanged=True public_match=True error_type=None http_status=None
2026-09-08 01:19:36,175Z INFO Copy check reports/ant-classic-005/math-audit.json status=ok unchanged=True public_match=True error_type=None http_status=None
2026-09-08 01:19:36,402Z INFO Copy check reports/ant-classic-005/prefix-failure-audit.json status=ok unchanged=True public_match=True error_type=None http_status=None
2026-09-08 01:19:36,486Z INFO Copy check reports/ant-classic-005/report.md status=ok unchanged=True public_match=True error_type=None http_status=None
2026-09-08 01:19:36,486Z INFO Copy check reports/ant-classic-005/action_biases.npz status=ok unchanged=True public_match=True error_type=None http_status=None
2026-09-08 01:19:36,775Z INFO Copy check reports/ant-classic-005/results.json status=ok unchanged=True public_match=True error_type=None http_status=None
2026-09-08 01:19:36,804Z INFO Copy check reports/ant-classic-005/selection.json status=ok unchanged=True public_match=True error_type=None http_status=None
2026-09-08 01:19:36,846Z INFO Copy check reports/ant-classic-005/runtime-audit.json status=ok unchanged=True public_match=True error_type=None http_status=None
2026-09-08 01:19:36,979Z INFO Copy check reports/ant-classic-005/report.pdf status=ok unchanged=True public_match=True error_type=None http_status=None
2026-09-08 01:19:37,156Z INFO Copy check reports/ant-classic-005/strength_response_1.png status=ok unchanged=True public_match=True error_type=None http_status=None
2026-09-08 01:19:37,172Z INFO Copy check reports/ant-classic-005/strength_response_2.png status=ok unchanged=True public_match=True error_type=None http_status=None
2026-09-08 01:19:37,214Z INFO Copy check reports/ant-classic-005/vector_diagnostics.json status=ok unchanged=True public_match=True error_type=None http_status=None
2026-09-08 01:19:37,458Z INFO Copy check reports/hc-classic-001/manifest.json status=ok unchanged=True public_match=True error_type=None http_status=None
2026-09-08 01:19:37,488Z INFO Copy check reports/hc-classic-001/report.md status=ok unchanged=True public_match=True error_type=None http_status=None
2026-09-08 01:19:37,507Z INFO Copy check reports/hc-classic-001/report.pdf status=ok unchanged=True public_match=True error_type=None http_status=None
2026-09-08 01:19:37,616Z INFO Copy check reports/ant-classic-005/vectors.npz status=ok unchanged=True public_match=True error_type=None http_status=None
2026-09-08 01:19:37,812Z INFO Copy check reports/hc-classic-001/results.json status=ok unchanged=True public_match=True error_type=None http_status=None
2026-09-08 01:19:37,865Z INFO Copy check reports/hc-classic-001/vector_diagnostics.json status=ok unchanged=True public_match=True error_type=None http_status=None
2026-09-08 01:19:37,929Z INFO Copy check reports/hc-height-speed-003/manifest.json status=ok unchanged=True public_match=True error_type=None http_status=None
2026-09-08 01:19:38,170Z INFO Copy check reports/hc-height-speed-003/report.md status=ok unchanged=True public_match=True error_type=None http_status=None
2026-09-08 01:19:38,198Z INFO Copy check reports/hc-classic-001/vectors.npz status=ok unchanged=True public_match=True error_type=None http_status=None
2026-09-08 01:19:38,409Z INFO Copy check reports/hc-height-speed-003/results.json status=ok unchanged=True public_match=True error_type=None http_status=None
2026-09-08 01:19:38,528Z INFO Copy check reports/hc-height-speed-003/retarget.json status=ok unchanged=True public_match=True error_type=None http_status=None
2026-09-08 01:19:38,634Z INFO Copy check reports/hc-height-speed-003/vector-import-audit.json status=error unchanged=None public_match=None error_type=HTTPError http_status=404
2026-09-08 01:19:38,671Z INFO Copy check reports/hc-height-speed-003/report.pdf status=ok unchanged=True public_match=True error_type=None http_status=None
2026-09-08 01:19:38,888Z INFO Copy check reports/hc-height-speed-003/vector_diagnostics.json status=ok unchanged=True public_match=True error_type=None http_status=None
2026-09-08 01:19:39,022Z INFO Copy check reports/hc-height-speed-003/strength_response_1.png status=ok unchanged=True public_match=True error_type=None http_status=None
2026-09-08 01:19:39,213Z INFO Copy check reports/hc-height-speed-004/manifest.json status=ok unchanged=True public_match=True error_type=None http_status=None
2026-09-08 01:19:39,258Z INFO Copy check reports/hc-height-speed-003/vectors.npz status=ok unchanged=True public_match=True error_type=None http_status=None
2026-09-08 01:19:39,417Z INFO Copy check reports/hc-height-speed-004/action_biases.npz status=ok unchanged=True public_match=True error_type=None http_status=None
2026-09-08 01:19:39,473Z INFO Copy check reports/hc-height-speed-004/report.md status=ok unchanged=True public_match=True error_type=None http_status=None
2026-09-08 01:19:39,752Z INFO Copy check reports/hc-height-speed-004/results.json status=ok unchanged=True public_match=True error_type=None http_status=None
2026-09-08 01:19:39,854Z INFO Copy check reports/hc-height-speed-004/retarget.json status=ok unchanged=True public_match=True error_type=None http_status=None
2026-09-08 01:19:39,922Z INFO Copy check reports/hc-height-speed-004/selection.json status=ok unchanged=True public_match=True error_type=None http_status=None
2026-09-08 01:19:40,034Z INFO Copy check reports/hc-height-speed-004/report.pdf status=ok unchanged=True public_match=True error_type=None http_status=None
2026-09-08 01:19:40,094Z INFO Copy check reports/hc-height-speed-004/vector-import-audit.json status=error unchanged=None public_match=None error_type=HTTPError http_status=404
2026-09-08 01:19:40,184Z INFO Copy check reports/hc-height-speed-004/strength_response_1.png status=ok unchanged=True public_match=True error_type=None http_status=None
2026-09-08 01:19:40,500Z INFO Copy check reports/hc-height-speed-004/vector_diagnostics.json status=ok unchanged=True public_match=True error_type=None http_status=None
2026-09-08 01:19:40,500Z INFO Copy check reports/hc-running-002/inference-memory-audit.json status=ok unchanged=True public_match=True error_type=None http_status=None
2026-09-08 01:19:40,616Z INFO Copy check reports/hc-running-002/manifest.json status=ok unchanged=True public_match=True error_type=None http_status=None
2026-09-08 01:19:40,632Z INFO Copy check reports/hc-height-speed-004/vectors.npz status=ok unchanged=True public_match=True error_type=None http_status=None
2026-09-08 01:19:40,950Z INFO Copy check reports/hc-running-002/report.md status=ok unchanged=True public_match=True error_type=None http_status=None
2026-09-08 01:19:41,080Z INFO Copy check reports/hc-running-002/quality-analysis-audit.json status=error unchanged=None public_match=None error_type=HTTPError http_status=404
2026-09-08 01:19:41,559Z INFO Copy check reports/hc-running-002/results.json status=ok unchanged=True public_match=True error_type=None http_status=None
2026-09-08 01:19:41,620Z INFO Copy check reports/hc-running-002/report.pdf status=ok unchanged=True public_match=True error_type=None http_status=None
2026-09-08 01:19:41,831Z INFO Copy check reports/hc-running-002/strength_response_2.png status=ok unchanged=True public_match=True error_type=None http_status=None
2026-09-08 01:19:41,859Z INFO Copy check reports/hc-running-002/strength_response_1.png status=ok unchanged=True public_match=True error_type=None http_status=None
2026-09-08 01:19:42,118Z INFO Copy check reports/hc-running-002/validation_pooled-quality-v1.json status=ok unchanged=True public_match=True error_type=None http_status=None
2026-09-08 01:19:42,309Z INFO Copy check reports/hc-running-002/vector_diagnostics.json status=ok unchanged=True public_match=True error_type=None http_status=None
2026-09-08 01:19:42,381Z INFO Copy check reports/hc-running-002/strength_response_3.png status=ok unchanged=True public_match=True error_type=None http_status=None
2026-09-08 01:19:42,594Z INFO Copy check reports/hc-running-002/vectors.npz status=ok unchanged=True public_match=True error_type=None http_status=None
2026-09-08 01:19:46,194Z ERROR Publication verification failed: copies_pass=False media_pass=True; evidence=reports\documentation-audit\publication-before.json
