2026-09-08 01:15:05,080Z INFO HTTP Request: GET https://huggingface.co/api/models/BurnyCoder/rl-locomotion-steering-vectors/revision/f3749ef3216671bb5e25baad5e389c94f319c422 "HTTP/1.1 200 OK"
2026-09-08 01:15:05,589Z INFO Verified copy reports/ant-classic-005/phase-provenance-audit.json unchanged=True public_match=True
2026-09-08 01:15:05,618Z INFO Verified copy reports/ant-classic-005/manifest.json unchanged=True public_match=True
2026-09-08 01:15:05,628Z INFO Verified copy reports/ant-classic-005/math-audit.json unchanged=True public_match=True
2026-09-08 01:15:05,971Z INFO Verified copy reports/ant-classic-005/action_biases.npz unchanged=True public_match=True
2026-09-08 01:15:06,049Z INFO Verified copy reports/ant-classic-005/prefix-failure-audit.json unchanged=True public_match=True
2026-09-08 01:15:06,050Z INFO Verified copy reports/ant-classic-005/report.md unchanged=True public_match=True
2026-09-08 01:15:06,510Z INFO Verified copy reports/ant-classic-005/selection.json unchanged=True public_match=True
2026-09-08 01:15:06,512Z INFO Verified copy reports/ant-classic-005/runtime-audit.json unchanged=True public_match=True
2026-09-08 01:15:06,563Z INFO Verified copy reports/ant-classic-005/results.json unchanged=True public_match=True
2026-09-08 01:15:06,564Z INFO Verified copy reports/ant-classic-005/report.pdf unchanged=True public_match=True
2026-09-08 01:15:06,991Z INFO Verified copy reports/ant-classic-005/strength_response_2.png unchanged=True public_match=True
2026-09-08 01:15:07,035Z INFO Verified copy reports/ant-classic-005/vector_diagnostics.json unchanged=True public_match=True
2026-09-08 01:15:07,072Z INFO Verified copy reports/ant-classic-005/strength_response_1.png unchanged=True public_match=True
2026-09-08 01:15:07,206Z INFO Verified copy reports/ant-classic-005/vectors.npz unchanged=True public_match=True
2026-09-08 01:15:07,432Z INFO Verified copy reports/hc-classic-001/report.md unchanged=True public_match=True
2026-09-08 01:15:07,487Z INFO Verified copy reports/hc-classic-001/manifest.json unchanged=True public_match=True
2026-09-08 01:15:07,509Z INFO Verified copy reports/hc-classic-001/report.pdf unchanged=True public_match=True
2026-09-08 01:15:07,684Z INFO Verified copy reports/hc-classic-001/results.json unchanged=True public_match=True
2026-09-08 01:15:07,890Z INFO Verified copy reports/hc-classic-001/vector_diagnostics.json unchanged=True public_match=True
2026-09-08 01:15:07,924Z INFO Verified copy reports/hc-height-speed-003/manifest.json unchanged=True public_match=True
2026-09-08 01:15:08,093Z INFO Verified copy reports/hc-height-speed-003/report.md unchanged=True public_match=True
2026-09-08 01:15:08,424Z INFO Verified copy reports/hc-height-speed-003/results.json unchanged=True public_match=True
2026-09-08 01:15:08,483Z INFO Verified copy reports/hc-classic-001/vectors.npz unchanged=True public_match=True
2026-09-08 01:15:08,527Z INFO Verified copy reports/hc-height-speed-003/retarget.json unchanged=True public_match=True
2026-09-08 01:15:08,717Z INFO Verified copy reports/hc-height-speed-003/report.pdf unchanged=True public_match=True
2026-09-08 01:15:09,015Z INFO Verified copy reports/hc-height-speed-003/vector_diagnostics.json unchanged=True public_match=True
2026-09-08 01:15:09,289Z INFO Verified copy reports/hc-height-speed-003/strength_response_1.png unchanged=True public_match=True
2026-09-08 01:15:09,513Z INFO Verified copy reports/hc-height-speed-004/manifest.json unchanged=True public_match=True
2026-09-08 01:15:09,542Z INFO Verified copy reports/hc-height-speed-003/vectors.npz unchanged=True public_match=True
2026-09-08 01:15:09,768Z INFO Verified copy reports/hc-height-speed-004/report.md unchanged=True public_match=True
2026-09-08 01:15:09,776Z INFO Verified copy reports/hc-height-speed-004/action_biases.npz unchanged=True public_match=True
