2026-09-08 01:27:48,365Z INFO HTTP Request: GET https://huggingface.co/api/models/BurnyCoder/rl-locomotion-steering-vectors/revision/76b99109e5c13a0d39064c866aa7c46efe16f26c "HTTP/1.1 200 OK"
2026-09-08 01:27:48,969Z INFO Copy check reports/ant-classic-005/manifest.json status=ok unchanged=True public_match=True error_type=None http_status=None
2026-09-08 01:27:48,969Z INFO Copy check reports/ant-classic-005/phase-provenance-audit.json status=ok unchanged=True public_match=True error_type=None http_status=None
2026-09-08 01:27:48,979Z INFO Copy check reports/ant-classic-005/math-audit.json status=ok unchanged=True public_match=True error_type=None http_status=None
2026-09-08 01:27:49,426Z INFO Copy check reports/ant-classic-005/prefix-failure-audit.json status=ok unchanged=True public_match=True error_type=None http_status=None
2026-09-08 01:27:49,564Z INFO Copy check reports/ant-classic-005/action_biases.npz status=ok unchanged=True public_match=True error_type=None http_status=None
2026-09-08 01:27:49,760Z INFO Copy check reports/ant-classic-005/report.md status=ok unchanged=True public_match=True error_type=None http_status=None
2026-09-08 01:27:49,861Z INFO Copy check reports/ant-classic-005/report.pdf status=ok unchanged=True public_match=True error_type=None http_status=None
2026-09-08 01:27:49,908Z INFO Copy check reports/ant-classic-005/results.json status=ok unchanged=True public_match=True error_type=None http_status=None
2026-09-08 01:27:50,006Z INFO Copy check reports/ant-classic-005/runtime-audit.json status=ok unchanged=True public_match=True error_type=None http_status=None
2026-09-08 01:27:50,169Z INFO Copy check reports/ant-classic-005/selection.json status=ok unchanged=True public_match=True error_type=None http_status=None
2026-09-08 01:27:50,429Z INFO Copy check reports/ant-classic-005/strength_response_1.png status=ok unchanged=True public_match=True error_type=None http_status=None
2026-09-08 01:27:50,434Z INFO Copy check reports/ant-classic-005/strength_response_2.png status=ok unchanged=True public_match=True error_type=None http_status=None
2026-09-08 01:27:50,529Z INFO Copy check reports/ant-classic-005/vector_diagnostics.json status=ok unchanged=True public_match=True error_type=None http_status=None
2026-09-08 01:27:50,789Z INFO Copy check reports/ant-classic-005/vectors.npz status=ok unchanged=True public_match=True error_type=None http_status=None
2026-09-08 01:27:50,836Z INFO Copy check reports/hc-classic-001/manifest.json status=ok unchanged=True public_match=True error_type=None http_status=None
2026-09-08 01:27:50,836Z INFO Copy check reports/hc-classic-001/report.md status=ok unchanged=True public_match=True error_type=None http_status=None
2026-09-08 01:27:50,934Z INFO Copy check reports/hc-classic-001/report.pdf status=ok unchanged=True public_match=True error_type=None http_status=None
2026-09-08 01:27:51,278Z INFO Copy check reports/hc-classic-001/results.json status=ok unchanged=True public_match=True error_type=None http_status=None
2026-09-08 01:27:51,425Z INFO Copy check reports/hc-classic-001/vector_diagnostics.json status=ok unchanged=True public_match=True error_type=None http_status=None
2026-09-08 01:27:51,494Z INFO Copy check reports/hc-height-speed-003/manifest.json status=ok unchanged=True public_match=True error_type=None http_status=None
2026-09-08 01:27:51,500Z INFO Copy check reports/hc-classic-001/vectors.npz status=ok unchanged=True public_match=True error_type=None http_status=None
2026-09-08 01:27:51,760Z INFO Copy check reports/hc-height-speed-003/report.md status=ok unchanged=True public_match=True error_type=None http_status=None
2026-09-08 01:27:51,937Z INFO Copy check reports/hc-height-speed-003/retarget.json status=ok unchanged=True public_match=True error_type=None http_status=None
2026-09-08 01:27:51,990Z INFO Copy check reports/hc-height-speed-003/results.json status=ok unchanged=True public_match=True error_type=None http_status=None
2026-09-08 01:27:52,192Z INFO Copy check reports/hc-height-speed-003/report.pdf status=ok unchanged=True public_match=True error_type=None http_status=None
2026-09-08 01:27:52,364Z INFO Copy check reports/hc-height-speed-003/vector-import-audit.json status=ok unchanged=True public_match=True error_type=None http_status=None
2026-09-08 01:27:52,495Z INFO Copy check reports/hc-height-speed-003/vector_diagnostics.json status=ok unchanged=True public_match=True error_type=None http_status=None
2026-09-08 01:27:52,774Z INFO Copy check reports/hc-height-speed-003/strength_response_1.png status=ok unchanged=True public_match=True error_type=None http_status=None
2026-09-08 01:27:52,851Z INFO Copy check reports/hc-height-speed-003/vectors.npz status=ok unchanged=True public_match=True error_type=None http_status=None
2026-09-08 01:27:52,899Z INFO Copy check reports/hc-height-speed-004/manifest.json status=ok unchanged=True public_match=True error_type=None http_status=None
2026-09-08 01:27:53,183Z INFO Copy check reports/hc-height-speed-004/report.md status=ok unchanged=True public_match=True error_type=None http_status=None
2026-09-08 01:27:53,279Z INFO Copy check reports/hc-height-speed-004/action_biases.npz status=ok unchanged=True public_match=True error_type=None http_status=None
2026-09-08 01:27:53,422Z INFO Copy check reports/hc-height-speed-004/results.json status=ok unchanged=True public_match=True error_type=None http_status=None
2026-09-08 01:27:53,672Z INFO Copy check reports/hc-height-speed-004/report.pdf status=ok unchanged=True public_match=True error_type=None http_status=None
2026-09-08 01:27:53,773Z INFO Copy check reports/hc-height-speed-004/retarget.json status=ok unchanged=True public_match=True error_type=None http_status=None
2026-09-08 01:27:53,785Z INFO Copy check reports/hc-height-speed-004/selection.json status=ok unchanged=True public_match=True error_type=None http_status=None
2026-09-08 01:27:53,917Z INFO Copy check reports/hc-height-speed-004/strength_response_1.png status=ok unchanged=True public_match=True error_type=None http_status=None
2026-09-08 01:27:53,964Z INFO Copy check reports/hc-height-speed-004/vector-import-audit.json status=ok unchanged=True public_match=True error_type=None http_status=None
2026-09-08 01:27:54,265Z INFO Copy check reports/hc-height-speed-004/vector_diagnostics.json status=ok unchanged=True public_match=True error_type=None http_status=None
2026-09-08 01:27:54,329Z INFO Copy check reports/hc-running-002/inference-memory-audit.json status=ok unchanged=True public_match=True error_type=None http_status=None
2026-09-08 01:27:54,388Z INFO Copy check reports/hc-height-speed-004/vectors.npz status=ok unchanged=True public_match=True error_type=None http_status=None
2026-09-08 01:27:54,397Z INFO Copy check reports/hc-running-002/manifest.json status=ok unchanged=True public_match=True error_type=None http_status=None
2026-09-08 01:27:54,593Z INFO Copy check reports/hc-running-002/quality-analysis-audit.json status=ok unchanged=True public_match=True error_type=None http_status=None
2026-09-08 01:27:54,783Z INFO Copy check reports/hc-running-002/report.md status=ok unchanged=True public_match=True error_type=None http_status=None
2026-09-08 01:27:54,909Z INFO Copy check reports/hc-running-002/results.json status=ok unchanged=True public_match=True error_type=None http_status=None
2026-09-08 01:27:55,154Z INFO Copy check reports/hc-running-002/report.pdf status=ok unchanged=True public_match=True error_type=None http_status=None
2026-09-08 01:27:55,317Z INFO Copy check reports/hc-running-002/strength_response_1.png status=ok unchanged=True public_match=True error_type=None http_status=None
2026-09-08 01:27:55,543Z INFO Copy check reports/hc-running-002/strength_response_2.png status=ok unchanged=True public_match=True error_type=None http_status=None
2026-09-08 01:27:55,616Z INFO Copy check reports/hc-running-002/validation_pooled-quality-v1.json status=ok unchanged=True public_match=True error_type=None http_status=None
2026-09-08 01:27:55,633Z INFO Copy check reports/hc-running-002/strength_response_3.png status=ok unchanged=True public_match=True error_type=None http_status=None
2026-09-08 01:27:55,790Z INFO Copy check reports/hc-running-002/vector_diagnostics.json status=ok unchanged=True public_match=True error_type=None http_status=None
2026-09-08 01:27:56,207Z INFO Copy check reports/hc-running-002/vectors.npz status=ok unchanged=True public_match=True error_type=None http_status=None
2026-09-08 01:28:00,115Z INFO Publication verification passed: 52 compact files; revision=76b99109e5c13a0d39064c866aa7c46efe16f26c
